{
  "arch": "gfx950:sramecc+:xnack-",
  "build_s": 0.01812753826379776,
  "cache_dir": "/tmp/amdpilot-repo-j-a12a891be280/cache/review-candidate-rms-20260912/launch_rmsnorm_c17e76f7332007f1c9eb9171b2668d8a",
  "cache_key_sha256": "fe0d3e6111eee6f42c7befdfe0878766ee3dc9d4d93ef3a108acefa2ee2b8d8f",
  "cold_first_call_s": 0.15493563935160637,
  "compiled_ir_bytes": 16462,
  "compiled_ir_sha256": "604e63689d179d00f02aca72f8604f620755dcc2a689f0b70676735ef09ea2ce",
  "compiler_pipeline_s": [
    0.08461153693497181
  ],
  "device": "AMD Instinct MI350X",
  "kernel": "rmsnorm",
  "max_abs_error": 0.0009765625,
  "removed_text_parse_reference_s": 0.002806735225021839,
  "shape": [
    16,
    4096
  ],
  "source_ir_bytes": 33856,
  "source_ir_sha256": "fc24258b42d2a08df48ad9c40cc35475bb3488500c9ba92e30dc7d4209296292"
}
