ir_module /job/repo/python/flydsl/_mlir/ir.py
_asyncio /usr/lib/python3.12/lib-dynload/_asyncio.cpython-312-x86_64-linux-gnu.so
_bz2 /usr/lib/python3.12/lib-dynload/_bz2.cpython-312-x86_64-linux-gnu.so
_contextvars /usr/lib/python3.12/lib-dynload/_contextvars.cpython-312-x86_64-linux-gnu.so
_ctypes /usr/lib/python3.12/lib-dynload/_ctypes.cpython-312-x86_64-linux-gnu.so
_decimal /usr/lib/python3.12/lib-dynload/_decimal.cpython-312-x86_64-linux-gnu.so
_hashlib /usr/lib/python3.12/lib-dynload/_hashlib.cpython-312-x86_64-linux-gnu.so
_json /usr/lib/python3.12/lib-dynload/_json.cpython-312-x86_64-linux-gnu.so
_lzma /usr/lib/python3.12/lib-dynload/_lzma.cpython-312-x86_64-linux-gnu.so
_multiprocessing /usr/lib/python3.12/lib-dynload/_multiprocessing.cpython-312-x86_64-linux-gnu.so
_posixshmem /usr/lib/python3.12/lib-dynload/_posixshmem.cpython-312-x86_64-linux-gnu.so
_queue /usr/lib/python3.12/lib-dynload/_queue.cpython-312-x86_64-linux-gnu.so
_ssl /usr/lib/python3.12/lib-dynload/_ssl.cpython-312-x86_64-linux-gnu.so
flydsl._mlir._mlir_libs /job/repo/python/flydsl/_mlir/_mlir_libs/__init__.py
flydsl._mlir._mlir_libs._mlir /job/repo/python/flydsl/_mlir/_mlir_libs/_mlir.cpython-312-x86_64-linux-gnu.so
flydsl._mlir._mlir_libs._mlirRegisterEverything /job/repo/python/flydsl/_mlir/_mlir_libs/_mlirRegisterEverything.cpython-312-x86_64-linux-gnu.so
flydsl._mlir.ir /job/repo/python/flydsl/_mlir/ir.py
mmap /usr/lib/python3.12/lib-dynload/mmap.cpython-312-x86_64-linux-gnu.so
numpy._core._multiarray_umath /opt/venv/lib/python3.12/site-packages/numpy/_core/_multiarray_umath.cpython-312-x86_64-linux-gnu.so
numpy.linalg._umath_linalg /opt/venv/lib/python3.12/site-packages/numpy/linalg/_umath_linalg.cpython-312-x86_64-linux-gnu.so
torch._C /opt/venv/lib/python3.12/site-packages/torch/_C.cpython-312-x86_64-linux-gnu.so
torch._C._autograd /opt/venv/lib/python3.12/site-packages/torch/_C.cpython-312-x86_64-linux-gnu.so
torch._C._distributed_autograd /opt/venv/lib/python3.12/site-packages/torch/_C.cpython-312-x86_64-linux-gnu.so
torch._C._distributed_c10d /opt/venv/lib/python3.12/site-packages/torch/_C.cpython-312-x86_64-linux-gnu.so
torch._C._distributed_rpc /opt/venv/lib/python3.12/site-packages/torch/_C.cpython-312-x86_64-linux-gnu.so
