image_declaration: Ubuntu 24.04.3 LTS
python_version: 3.12.3
torch_version: 2.9.1+rocm7.2.0.git7e1940d4
torch_hip_version: 7.2.26015-fc0010cf6a
triton_version: 3.5.1+rocm7.2.0.gita272dfa8
available_gpu_count: 1
current_device: 0
gpu_name: AMD Instinct MI350X
gpu_capability: (9, 5)
rocm_smi_command: rocm-smi --showproductname --showid


============================ ROCm System Management Interface ============================
=========================================== ID ===========================================
GPU[0]		: Device Name: 		AMD Instinct MI350X
GPU[0]		: Device ID: 		0x75a0
GPU[0]		: Device Rev: 		0x00
GPU[0]		: Subsystem ID: 	0x75a0
GPU[0]		: GUID: 		11995
==========================================================================================
====================================== Product Info ======================================
GPU[0]		: Card Series: 		AMD Instinct MI350X
GPU[0]		: Card Model: 		0x75a0
GPU[0]		: Card Vendor: 		Advanced Micro Devices, Inc. [AMD/ATI]
GPU[0]		: Card SKU: 		N/A
GPU[0]		: Subsystem ID: 	0x75a0
GPU[0]		: Device Rev: 		0x00
GPU[0]		: Node ID: 		6
GPU[0]		: GUID: 		11995
GPU[0]		: GFX Version: 		gfx950
==========================================================================================
================================== End of ROCm SMI Log ===================================
rocm_smi_stderr: WARNING: AMD GPU device(s) is/are in a low-power state. Check power control/runtime_status
triton_kernel_source_inspection: passed
triton_kernel_source_file: /job/repo/reports/gbt350-qualification/qualify.py
triton_vector_add: length=1, block_size=128, rtol=0.0, atol=1e-6, maximum_absolute_difference=0.0
triton_vector_add: length=257, block_size=128, rtol=0.0, atol=1e-6, maximum_absolute_difference=0.0
triton_vector_add: length=4096, block_size=128, rtol=0.0, atol=1e-6, maximum_absolute_difference=0.0
torch_matrix_multiplication: shape=(129, 67), rtol=1e-4, atol=1e-4, maximum_absolute_difference=2.09808349609375e-05
qualification_result: PASS
