WARNING: AMD GPU device(s) is/are in a low-power state. Check power control/runtime_status



============================ ROCm System Management Interface ============================
============================== Version of System Component ===============================
Driver version: 6.18.6
==========================================================================================
======================================= Unique ID ========================================
GPU[0]		: Unique ID: 0x89e8c5cd3767811a
==========================================================================================
===================================== Serial Number ======================================
GPU[0]		: Serial Number: 692517002127
==========================================================================================
====================================== Product Info ======================================
GPU[0]		: Card Series: 		AMD Instinct MI355X
GPU[0]		: Card Model: 		0x75a3
GPU[0]		: Card Vendor: 		Advanced Micro Devices, Inc. [AMD/ATI]
GPU[0]		: Card SKU: 		N/A
GPU[0]		: Subsystem ID: 	0x75a3
GPU[0]		: Device Rev: 		0x00
GPU[0]		: Node ID: 		2
GPU[0]		: GUID: 		42583
GPU[0]		: GFX Version: 		gfx950
==========================================================================================
================================== End of ROCm SMI Log ===================================
