## amdpilot/j-cf6a0ddd3ff5
acf7e67b7d22847e345938ca54fcc137bd7b2a1f
origin	https://github.com/amdpilot-org/FlyDSL.git (fetch)
origin	https://github.com/amdpilot-org/FlyDSL.git (push)
python /tmp/amdpilot-repo-j-cf6a0ddd3ff5/venv/bin/python
flydsl /job/repo/python/flydsl/__init__.py
torch 2.9.1+rocm7.2.0.git7e1940d4
hip 7.2.26015-fc0010cf6a
PYTHONPATH '/job/repo/python'
TORCH_EXTENSIONS_DIR None
XDG_CACHE_HOME '/tmp/amdpilot-repo-j-cf6a0ddd3ff5/cache'
TRITON_CACHE_DIR '/tmp/amdpilot-repo-j-cf6a0ddd3ff5/cache/triton'
cuda_available True
device_count 1
device_name AMD Instinct MI350X
device_props _CudaDeviceProperties(name='AMD Instinct MI350X', major=9, minor=5, gcnArchName='gfx950:sramecc+:xnack-', total_memory=258032MB, multi_processor_count=256, uuid=35393364-3436-6631-6462-623564636535, pci_bus_id=102, pci_device_id=0, pci_domain_id=0, L2_cache_size=4MB)
  Name:                    AMD EPYC 9965 192-Core Processor   
  Marketing Name:          AMD EPYC 9965 192-Core Processor   
  Vendor Name:             CPU                                
  Name:                    AMD EPYC 9965 192-Core Processor   
  Marketing Name:          AMD EPYC 9965 192-Core Processor   
  Vendor Name:             CPU                                
  Name:                    gfx950                             
  Marketing Name:          AMD Instinct MI350X                
HIP version: 7.2.26015-fc0010cf6a
AMD clang version 22.0.0git (https://github.com/RadeonOpenCompute/llvm-project roc-7.2.0 26014 7b800a19466229b8479a78de19143dc33c3ab9b5)
Target: x86_64-unknown-linux-gnu
Thread model: posix
InstalledDir: /opt/rocm-7.2.0/lib/llvm/bin
Configuration file: /opt/rocm-7.2.0/lib/llvm/bin/clang++.cfg
