/opt/venv/lib/python3.12/site-packages/flydsl/_mlir/__pycache__/execution_engine.cpython-312.pyc
/opt/venv/lib/python3.12/site-packages/flydsl/_mlir/__pycache__/ir.cpython-312.pyc
/opt/venv/lib/python3.12/site-packages/flydsl/_mlir/__pycache__/passmanager.cpython-312.pyc
/opt/venv/lib/python3.12/site-packages/flydsl/_mlir/__pycache__/rewrite.cpython-312.pyc
/opt/venv/lib/python3.12/site-packages/flydsl/_mlir/_mlir_libs/__init__.py
/opt/venv/lib/python3.12/site-packages/flydsl/_mlir/_mlir_libs/_mlir.cpython-312-x86_64-linux-gnu.so
/opt/venv/lib/python3.12/site-packages/flydsl/_mlir/_mlir_libs/_mlirDialectsFly.cpython-312-x86_64-linux-gnu.so
/opt/venv/lib/python3.12/site-packages/flydsl/_mlir/_mlir_libs/_mlirDialectsFly.pyi
/opt/venv/lib/python3.12/site-packages/flydsl/_mlir/_mlir_libs/_mlirDialectsFlyROCDL.cpython-312-x86_64-linux-gnu.so
/opt/venv/lib/python3.12/site-packages/flydsl/_mlir/_mlir_libs/_mlirDialectsFlyROCDL.pyi
/opt/venv/lib/python3.12/site-packages/flydsl/_mlir/_mlir_libs/_mlirDialectsGPU.cpython-312-x86_64-linux-gnu.so
/opt/venv/lib/python3.12/site-packages/flydsl/_mlir/_mlir_libs/_mlirDialectsGPU.pyi
/opt/venv/lib/python3.12/site-packages/flydsl/_mlir/_mlir_libs/_mlirDialectsLLVM.cpython-312-x86_64-linux-gnu.so
/opt/venv/lib/python3.12/site-packages/flydsl/_mlir/_mlir_libs/_mlirDialectsLLVM.pyi
/opt/venv/lib/python3.12/site-packages/flydsl/_mlir/_mlir_libs/_mlirExecutionEngine.cpython-312-x86_64-linux-gnu.so
/opt/venv/lib/python3.12/site-packages/flydsl/_mlir/_mlir_libs/_mlirExecutionEngine.pyi
/opt/venv/lib/python3.12/site-packages/flydsl/_mlir/_mlir_libs/_mlirGPUPasses.cpython-312-x86_64-linux-gnu.so
/opt/venv/lib/python3.12/site-packages/flydsl/_mlir/_mlir_libs/_mlirRegisterEverything.cpython-312-x86_64-linux-gnu.so
/opt/venv/lib/python3.12/site-packages/flydsl/_mlir/_mlir_libs/libFlyPythonCAPI.so.24.0git
/opt/venv/lib/python3.12/site-packages/flydsl/_mlir/_mlir_libs/libMLIRPythonSupport-mlir.so
/opt/venv/lib/python3.12/site-packages/flydsl/_mlir/_mlir_libs/libfly_jit_runtime.so
/opt/venv/lib/python3.12/site-packages/flydsl/_mlir/_mlir_libs/libmlir_c_runner_utils.so
/opt/venv/lib/python3.12/site-packages/flydsl/_mlir/_mlir_libs/libmlir_float16_utils.so.24.0git
/opt/venv/lib/python3.12/site-packages/flydsl/_mlir/_mlir_libs/libnanobind-mlir.so
/opt/venv/lib/python3.12/site-packages/flydsl/_mlir/dialects/_arith_enum_gen.py
/opt/venv/lib/python3.12/site-packages/flydsl/_mlir/dialects/_arith_ops_gen.py
/opt/venv/lib/python3.12/site-packages/flydsl/_mlir/dialects/_builtin_ops_gen.py
/opt/venv/lib/python3.12/site-packages/flydsl/_mlir/dialects/_cf_ops_gen.py
/opt/venv/lib/python3.12/site-packages/flydsl/_mlir/dialects/_fly_enum_gen.py
/opt/venv/lib/python3.12/site-packages/flydsl/_mlir/dialects/_fly_ops_gen.py
