running bm16_inline_atomic tokens=1
  G1 host/device median 10.115/12.640 us; G2 host/device median 10.615/13.321 us; stage1/2 gates True/True
running bm32_prequant_atomic tokens=1
  G1 host/device median 10.485/13.680 us; G2 host/device median 10.534/13.200 us; stage1/2 gates True/True
running bm64_prequant_atomic tokens=1
  G1 host/device median 10.296/15.200 us; G2 host/device median 10.535/13.160 us; stage1/2 gates True/True
running bm128_prequant_nonatomic tokens=1
  G1 host/device median 10.276/18.141 us; G2 host/device median 10.620/15.260 us; stage1/2 gates True/True
running bm16_inline_atomic tokens=8
  G1 host/device median 10.245/13.880 us; G2 host/device median 10.550/13.160 us; stage1/2 gates True/True
running bm32_prequant_atomic tokens=8
  G1 host/device median 10.445/14.561 us; G2 host/device median 10.601/13.340 us; stage1/2 gates True/True
running bm64_prequant_atomic tokens=8
  G1 host/device median 10.325/16.200 us; G2 host/device median 10.535/13.120 us; stage1/2 gates True/True
running bm128_prequant_nonatomic tokens=8
  G1 host/device median 10.146/19.120 us; G2 host/device median 10.600/15.540 us; stage1/2 gates True/True
running bm16_inline_atomic tokens=32
  G1 host/device median 10.256/13.800 us; G2 host/device median 10.511/13.200 us; stage1/2 gates True/True
running bm32_prequant_atomic tokens=32
  G1 host/device median 10.530/14.620 us; G2 host/device median 10.530/13.120 us; stage1/2 gates True/True
running bm64_prequant_atomic tokens=32
  G1 host/device median 10.290/16.161 us; G2 host/device median 10.535/13.160 us; stage1/2 gates True/True
running bm128_prequant_nonatomic tokens=32
  G1 host/device median 10.140/19.201 us; G2 host/device median 10.556/15.421 us; stage1/2 gates True/True
running bm16_inline_atomic tokens=128
  G1 host/device median 10.130/14.680 us; G2 host/device median 10.565/13.300 us; stage1/2 gates True/True
running bm32_prequant_atomic tokens=128
  G1 host/device median 10.235/14.180 us; G2 host/device median 10.480/13.520 us; stage1/2 gates True/True
running bm64_prequant_atomic tokens=128
  G1 host/device median 10.290/16.160 us; G2 host/device median 10.526/13.540 us; stage1/2 gates True/True
running bm128_prequant_nonatomic tokens=128
  G1 host/device median 10.090/19.080 us; G2 host/device median 10.485/15.400 us; stage1/2 gates True/True
wrote reports/j-2016d83e4371/results.json
