7:declare i64 @__ockl_printf_append_string_n(i64, ptr, i64, i32)
9:declare i64 @__ockl_printf_append_args(i64, i32, i64, i64, i64, i64, i64, i64, i64, i32)
11:declare i64 @__ockl_printf_begin(i64)
13:define amdgpu_kernel void @hello_kernel_0() #0 !reqd_work_group_size !1 {
14:  %1 = call range(i32 0, 4) i32 @llvm.amdgcn.workitem.id.x()
17:  %4 = call i64 @__ockl_printf_begin(i64 0)
18:  %5 = call i64 @__ockl_printf_append_string_n(i64 %4, ptr @printfFormat_0, i64 22, i32 0)
20:  %7 = call i64 @__ockl_printf_append_args(i64 %5, i32 1, i64 %6, i64 0, i64 0, i64 0, i64 0, i64 0, i64 0, i32 1)
25:declare noundef range(i32 0, 1024) i32 @llvm.amdgcn.workitem.id.x() #1
1:	.amdgcn_target "amdgcn-amd-amdhsa-unknown-gfx950"
4:	.globl	hello_kernel_0
6:	.type	hello_kernel_0,@function
7:hello_kernel_0:
771:	.size	hello_kernel_0, .Lfunc_end0-hello_kernel_0
774:	.amdhsa_kernel hello_kernel_0
815:	.set .Lhello_kernel_0.num_vgpr, 18
816:	.set .Lhello_kernel_0.num_agpr, 0
817:	.set .Lhello_kernel_0.numbered_sgpr, 12
818:	.set .Lhello_kernel_0.num_named_barrier, 0
819:	.set .Lhello_kernel_0.private_seg_size, 0
820:	.set .Lhello_kernel_0.uses_vcc, 1
821:	.set .Lhello_kernel_0.uses_flat_scratch, 0
822:	.set .Lhello_kernel_0.has_dyn_sized_stack, 0
823:	.set .Lhello_kernel_0.has_recursion, 0
824:	.set .Lhello_kernel_0.has_indirect_call, 0
885:    .name:           hello_kernel_0
893:    .symbol:         hello_kernel_0.kd
899:amdhsa.target:   amdgcn-amd-amdhsa-unknown-gfx950
