hello from thread 0
hello from thread 1
hello from thread 2
hello from thread 3
[flydsl.compile] FLYDSL_DUMP_IR=1 dir=/tmp/flydsl-j-16f9e5ac5ab8-dump.75wWMA/hello_kernel_0
[flydsl.compile] dump 00_origin -> /tmp/flydsl-j-16f9e5ac5ab8-dump.75wWMA/hello_kernel_0/00_origin.mlir
[flydsl.compile] dump 01_fly_rewrite_func_signature -> /tmp/flydsl-j-16f9e5ac5ab8-dump.75wWMA/hello_kernel_0/01_fly_rewrite_func_signature.mlir
[flydsl.compile] dump 02_fly_canonicalize -> /tmp/flydsl-j-16f9e5ac5ab8-dump.75wWMA/hello_kernel_0/02_fly_canonicalize.mlir
[flydsl.compile] dump 03_fly_layout_lowering -> /tmp/flydsl-j-16f9e5ac5ab8-dump.75wWMA/hello_kernel_0/03_fly_layout_lowering.mlir
[flydsl.compile] dump 04_fly_int_swizzle_simplify -> /tmp/flydsl-j-16f9e5ac5ab8-dump.75wWMA/hello_kernel_0/04_fly_int_swizzle_simplify.mlir
[flydsl.compile] dump 05_canonicalize -> /tmp/flydsl-j-16f9e5ac5ab8-dump.75wWMA/hello_kernel_0/05_canonicalize.mlir
[flydsl.compile] dump 06_fly_convert_atom_call_to_ssa_form -> /tmp/flydsl-j-16f9e5ac5ab8-dump.75wWMA/hello_kernel_0/06_fly_convert_atom_call_to_ssa_form.mlir
[flydsl.compile] dump 07_fly_promote_regmem_to_vectorssa -> /tmp/flydsl-j-16f9e5ac5ab8-dump.75wWMA/hello_kernel_0/07_fly_promote_regmem_to_vectorssa.mlir
[flydsl.compile] dump 08_convert_fly_to_rocdl -> /tmp/flydsl-j-16f9e5ac5ab8-dump.75wWMA/hello_kernel_0/08_convert_fly_to_rocdl.mlir
[flydsl.compile] dump 09_canonicalize -> /tmp/flydsl-j-16f9e5ac5ab8-dump.75wWMA/hello_kernel_0/09_canonicalize.mlir
[flydsl.compile] dump 10_convert_scf_to_cf_cse_convert_rocdl_fastmath_ops_convert_gpu_to_rocdl -> /tmp/flydsl-j-16f9e5ac5ab8-dump.75wWMA/hello_kernel_0/10_convert_scf_to_cf_cse_convert_rocdl_fastmath_ops_convert_gpu_to_rocdl.mlir
[flydsl.compile] dump 11_rocdl_attach_target -> /tmp/flydsl-j-16f9e5ac5ab8-dump.75wWMA/hello_kernel_0/11_rocdl_attach_target.mlir
[flydsl.compile] dump 12_convert_scf_to_cf -> /tmp/flydsl-j-16f9e5ac5ab8-dump.75wWMA/hello_kernel_0/12_convert_scf_to_cf.mlir
[flydsl.compile] dump 13_convert_cf_to_llvm -> /tmp/flydsl-j-16f9e5ac5ab8-dump.75wWMA/hello_kernel_0/13_convert_cf_to_llvm.mlir
[flydsl.compile] dump 14_gpu_to_llvm -> /tmp/flydsl-j-16f9e5ac5ab8-dump.75wWMA/hello_kernel_0/14_gpu_to_llvm.mlir
[flydsl.compile] dump 15_convert_vector_to_llvm -> /tmp/flydsl-j-16f9e5ac5ab8-dump.75wWMA/hello_kernel_0/15_convert_vector_to_llvm.mlir
[flydsl.compile] dump 16_convert_arith_to_llvm -> /tmp/flydsl-j-16f9e5ac5ab8-dump.75wWMA/hello_kernel_0/16_convert_arith_to_llvm.mlir
[flydsl.compile] dump 17_convert_func_to_llvm -> /tmp/flydsl-j-16f9e5ac5ab8-dump.75wWMA/hello_kernel_0/17_convert_func_to_llvm.mlir
[flydsl.compile] dump 18_reconcile_unrealized_casts -> /tmp/flydsl-j-16f9e5ac5ab8-dump.75wWMA/hello_kernel_0/18_reconcile_unrealized_casts.mlir
[flydsl.compile] dump 19_gpu_module_to_binary -> /tmp/flydsl-j-16f9e5ac5ab8-dump.75wWMA/hello_kernel_0/19_gpu_module_to_binary.mlir
[flydsl.compile] dump 20_llvm_ir -> /tmp/flydsl-j-16f9e5ac5ab8-dump.75wWMA/hello_kernel_0/20_llvm_ir.ll
[flydsl.compile] dump 21_final_isa -> /tmp/flydsl-j-16f9e5ac5ab8-dump.75wWMA/hello_kernel_0/21_final_isa.s
