/tmp/flydsl-j-16f9e5ac5ab8-dump.75wWMA/hello_kernel_0/00_origin.mlir
/tmp/flydsl-j-16f9e5ac5ab8-dump.75wWMA/hello_kernel_0/01_fly_rewrite_func_signature.mlir
/tmp/flydsl-j-16f9e5ac5ab8-dump.75wWMA/hello_kernel_0/02_fly_canonicalize.mlir
/tmp/flydsl-j-16f9e5ac5ab8-dump.75wWMA/hello_kernel_0/03_fly_layout_lowering.mlir
/tmp/flydsl-j-16f9e5ac5ab8-dump.75wWMA/hello_kernel_0/04_fly_int_swizzle_simplify.mlir
/tmp/flydsl-j-16f9e5ac5ab8-dump.75wWMA/hello_kernel_0/05_canonicalize.mlir
/tmp/flydsl-j-16f9e5ac5ab8-dump.75wWMA/hello_kernel_0/06_fly_convert_atom_call_to_ssa_form.mlir
/tmp/flydsl-j-16f9e5ac5ab8-dump.75wWMA/hello_kernel_0/07_fly_promote_regmem_to_vectorssa.mlir
/tmp/flydsl-j-16f9e5ac5ab8-dump.75wWMA/hello_kernel_0/08_convert_fly_to_rocdl.mlir
/tmp/flydsl-j-16f9e5ac5ab8-dump.75wWMA/hello_kernel_0/09_canonicalize.mlir
/tmp/flydsl-j-16f9e5ac5ab8-dump.75wWMA/hello_kernel_0/10_convert_scf_to_cf_cse_convert_rocdl_fastmath_ops_convert_gpu_to_rocdl.mlir
/tmp/flydsl-j-16f9e5ac5ab8-dump.75wWMA/hello_kernel_0/11_rocdl_attach_target.mlir
/tmp/flydsl-j-16f9e5ac5ab8-dump.75wWMA/hello_kernel_0/12_convert_scf_to_cf.mlir
/tmp/flydsl-j-16f9e5ac5ab8-dump.75wWMA/hello_kernel_0/13_convert_cf_to_llvm.mlir
/tmp/flydsl-j-16f9e5ac5ab8-dump.75wWMA/hello_kernel_0/14_gpu_to_llvm.mlir
/tmp/flydsl-j-16f9e5ac5ab8-dump.75wWMA/hello_kernel_0/15_convert_vector_to_llvm.mlir
/tmp/flydsl-j-16f9e5ac5ab8-dump.75wWMA/hello_kernel_0/16_convert_arith_to_llvm.mlir
/tmp/flydsl-j-16f9e5ac5ab8-dump.75wWMA/hello_kernel_0/17_convert_func_to_llvm.mlir
/tmp/flydsl-j-16f9e5ac5ab8-dump.75wWMA/hello_kernel_0/18_reconcile_unrealized_casts.mlir
/tmp/flydsl-j-16f9e5ac5ab8-dump.75wWMA/hello_kernel_0/19_gpu_module_to_binary.mlir
/tmp/flydsl-j-16f9e5ac5ab8-dump.75wWMA/hello_kernel_0/20_llvm_ir.ll
/tmp/flydsl-j-16f9e5ac5ab8-dump.75wWMA/hello_kernel_0/21_final_isa.s
