============================= test session starts ==============================
platform linux -- Python 3.12.3, pytest-9.0.2, pluggy-1.6.0
rootdir: /job/repo/tests
configfile: pytest.ini
plugins: hypothesis-6.150.2, anyio-4.14.2
collected 1 item

tests/kernels/test_vec_add.py 
================================================================================
ROCm GPU Benchmark - Vector Addition with flydsl API
GPU: gfx950
================================================================================

================================================================================
Benchmark: Vector Addition (C = A + B) - flydsl API
  - Threads per block: 256
  - Vec width: 4 floats (128 bits)
  - Tile elems: 1024
Size: 1048576 elements (1.0M floats, ~0.00 GB)
Memory Traffic: 3 x 1048576 x 4 bytes = 0.01 GB per kernel
================================================================================
[flydsl.compile] FLYDSL_DUMP_IR=1 dir=/job/.flydsl/debug/vecAddKernel_0
[flydsl.compile] dump 00_origin -> /job/.flydsl/debug/vecAddKernel_0/00_origin.mlir
[flydsl.compile] dump 01_fly_rewrite_func_signature -> /job/.flydsl/debug/vecAddKernel_0/01_fly_rewrite_func_signature.mlir
[flydsl.compile] dump 02_fly_canonicalize -> /job/.flydsl/debug/vecAddKernel_0/02_fly_canonicalize.mlir
[flydsl.compile] dump 03_fly_layout_lowering -> /job/.flydsl/debug/vecAddKernel_0/03_fly_layout_lowering.mlir
[flydsl.compile] dump 04_fly_int_swizzle_simplify -> /job/.flydsl/debug/vecAddKernel_0/04_fly_int_swizzle_simplify.mlir
[flydsl.compile] dump 05_canonicalize -> /job/.flydsl/debug/vecAddKernel_0/05_canonicalize.mlir
[flydsl.compile] dump 06_fly_convert_atom_call_to_ssa_form -> /job/.flydsl/debug/vecAddKernel_0/06_fly_convert_atom_call_to_ssa_form.mlir
[flydsl.compile] dump 07_fly_promote_regmem_to_vectorssa -> /job/.flydsl/debug/vecAddKernel_0/07_fly_promote_regmem_to_vectorssa.mlir
[flydsl.compile] dump 08_convert_fly_to_rocdl -> /job/.flydsl/debug/vecAddKernel_0/08_convert_fly_to_rocdl.mlir
[flydsl.compile] dump 09_canonicalize -> /job/.flydsl/debug/vecAddKernel_0/09_canonicalize.mlir
[flydsl.compile] dump 10_convert_scf_to_cf_cse_convert_rocdl_fastmath_ops_convert_gpu_to_rocdl -> /job/.flydsl/debug/vecAddKernel_0/10_convert_scf_to_cf_cse_convert_rocdl_fastmath_ops_convert_gpu_to_rocdl.mlir
[flydsl.compile] dump 11_rocdl_attach_target -> /job/.flydsl/debug/vecAddKernel_0/11_rocdl_attach_target.mlir
[flydsl.compile] dump 12_convert_scf_to_cf -> /job/.flydsl/debug/vecAddKernel_0/12_convert_scf_to_cf.mlir
[flydsl.compile] dump 13_convert_cf_to_llvm -> /job/.flydsl/debug/vecAddKernel_0/13_convert_cf_to_llvm.mlir
[flydsl.compile] dump 14_gpu_to_llvm -> /job/.flydsl/debug/vecAddKernel_0/14_gpu_to_llvm.mlir
[flydsl.compile] dump 15_convert_vector_to_llvm -> /job/.flydsl/debug/vecAddKernel_0/15_convert_vector_to_llvm.mlir
[flydsl.compile] dump 16_convert_arith_to_llvm -> /job/.flydsl/debug/vecAddKernel_0/16_convert_arith_to_llvm.mlir
[flydsl.compile] dump 17_convert_func_to_llvm -> /job/.flydsl/debug/vecAddKernel_0/17_convert_func_to_llvm.mlir
[flydsl.compile] dump 18_reconcile_unrealized_casts -> /job/.flydsl/debug/vecAddKernel_0/18_reconcile_unrealized_casts.mlir
[flydsl.compile] dump 19_gpu_module_to_binary -> /job/.flydsl/debug/vecAddKernel_0/19_gpu_module_to_binary.mlir
[flydsl.compile] dump 20_llvm_ir -> /job/.flydsl/debug/vecAddKernel_0/20_llvm_ir.ll
[flydsl.compile] dump 21_final_isa -> /job/.flydsl/debug/vecAddKernel_0/21_final_isa.s
  Correctness: max error = 0.00e+00
.

============================== 1 passed in 1.41s ===============================
